> Task :app:preBuild UP-TO-DATE
> Task :app:preDebugBuild UP-TO-DATE
> Task :app:mergeDebugNativeDebugMetadata NO-SOURCE
> Task :app:checkKotlinGradlePluginConfigurationErrors
> Task :app:checkDebugAarMetadata FAILED
.\gradlew : 
At line:1 char:1
+ .\gradlew assembleDebug > build_output.txt 2>&1
+ ~~~~~~~~~~~~~~~~~~~~~~~~~~~~~~~~~~~~~~~~~~~~~~~
    + CategoryInfo          : NotSpecified: (:String) [], RemoteException
    + FullyQualifiedErrorId : NativeCommandError
 
FAILURE: Build failed with an exception.

* What went wrong:
Execution failed for task ':app:checkDebugAarMetadata'.
> Configuration `:app:debugRuntimeClasspath` contains AndroidX dependencies, but the `android.useAndroidX` property is not enabled, which may cause runtime issues.
  Set `android.useAndroidX=true` in the `gradle.properties` file and retry.
  The following AndroidX dependencies are detected:
  :app:debugRuntimeClasspath -> androidx.appcompat:appcompat:1.6.1
  :app:debugRuntimeClasspath -> androidx.appcompat:appcompat:1.6.1 -> androidx.activity:activity:1.6.0
  :app:debugRuntimeClasspath -> androidx.camera:camera-lifecycle:1.3.1 -> androidx.camera:camera-core:1.3.1 -> androidx.camera:camera-video:1.3.1 -> androidx.annotation:annotation:1.6.0
  :app:debugRuntimeClasspath -> androidx.camera:camera-lifecycle:1.3.1 -> androidx.camera:camera-core:1.3.1 -> androidx.camera:camera-video:1.3.1 -> androidx.annotation:annotation:1.6.0 -> 
androidx.annotation:annotation-jvm:1.6.0
  :app:debugRuntimeClasspath -> androidx.appcompat:appcompat:1.6.1 -> androidx.appcompat:appcompat-resources:1.6.1 -> androidx.collection:collection:1.1.0
  :app:debugRuntimeClasspath -> androidx.camera:camera-lifecycle:1.3.1 -> androidx.camera:camera-core:1.3.1 -> androidx.camera:camera-video:1.3.1 -> androidx.core:core:1.12.0
  :app:debugRuntimeClasspath -> androidx.camera:camera-lifecycle:1.3.1 -> androidx.camera:camera-video:1.3.1 -> androidx.camera:camera-core:1.3.1 -> androidx.annotation:annotation-experimental:1.3.1
  :app:debugRuntimeClasspath -> androidx.camera:camera-lifecycle:1.3.1 -> androidx.camera:camera-core:1.3.1 -> androidx.camera:camera-video:1.3.1 -> androidx.concurrent:concurrent-futures:1.0.0
  :app:debugRuntimeClasspath -> androidx.appcompat:appcompat:1.6.1 -> androidx.appcompat:appcompat-resources:1.6.1 -> androidx.vectordrawable:vectordrawable-animated:1.1.0 -> 
androidx.interpolator:interpolator:1.0.0
  :app:debugRuntimeClasspath -> androidx.appcompat:appcompat:1.6.1 -> androidx.lifecycle:lifecycle-runtime:2.5.1
  :app:debugRuntimeClasspath -> androidx.appcompat:appcompat:1.6.1 -> androidx.savedstate:savedstate:1.2.0 -> androidx.arch.core:core-common:2.1.0
  :app:debugRuntimeClasspath -> androidx.appcompat:appcompat:1.6.1 -> androidx.lifecycle:lifecycle-runtime:2.5.1 -> androidx.arch.core:core-runtime:2.1.0
  :app:debugRuntimeClasspath -> androidx.camera:camera-lifecycle:1.3.1 -> androidx.camera:camera-video:1.3.1 -> androidx.camera:camera-core:1.3.1 -> androidx.lifecycle:lifecycle-common:2.5.1
  :app:debugRuntimeClasspath -> androidx.camera:camera-lifecycle:1.3.1 -> androidx.camera:camera-core:1.3.1 -> androidx.camera:camera-video:1.3.1 -> androidx.core:core:1.12.0 -> 
androidx.versionedparcelable:versionedparcelable:1.1.1
  :app:debugRuntimeClasspath -> androidx.core:core-ktx:1.12.0
  :app:debugRuntimeClasspath -> androidx.appcompat:appcompat:1.6.1 -> androidx.lifecycle:lifecycle-viewmodel:2.5.1
  :app:debugRuntimeClasspath -> androidx.appcompat:appcompat:1.6.1 -> androidx.fragment:fragment:1.3.6 -> androidx.lifecycle:lifecycle-viewmodel-savedstate:2.5.1
  :app:debugRuntimeClasspath -> androidx.appcompat:appcompat:1.6.1 -> androidx.fragment:fragment:1.3.6 -> androidx.lifecycle:lifecycle-livedata-core:2.5.1
  :app:debugRuntimeClasspath -> androidx.appcompat:appcompat:1.6.1 -> androidx.savedstate:savedstate:1.2.0
  :app:debugRuntimeClasspath -> androidx.appcompat:appcompat:1.6.1 -> androidx.activity:activity:1.6.0 -> androidx.tracing:tracing:1.0.0
  :app:debugRuntimeClasspath -> androidx.appcompat:appcompat:1.6.1 -> androidx.appcompat:appcompat-resources:1.6.1
  :app:debugRuntimeClasspath -> androidx.appcompat:appcompat:1.6.1 -> androidx.appcompat:appcompat-resources:1.6.1 -> androidx.vectordrawable:vectordrawable:1.1.0
  :app:debugRuntimeClasspath -> androidx.appcompat:appcompat:1.6.1 -> androidx.appcompat:appcompat-resources:1.6.1 -> androidx.vectordrawable:vectordrawable-animated:1.1.0
  :app:debugRuntimeClasspath -> androidx.appcompat:appcompat:1.6.1 -> androidx.cursoradapter:cursoradapter:1.0.0
  :app:debugRuntimeClasspath -> androidx.appcompat:appcompat:1.6.1 -> androidx.drawerlayout:drawerlayout:1.0.0
  :app:debugRuntimeClasspath -> androidx.appcompat:appcompat:1.6.1 -> androidx.drawerlayout:drawerlayout:1.0.0 -> androidx.customview:customview:1.0.0
  :app:debugRuntimeClasspath -> androidx.appcompat:appcompat:1.6.1 -> androidx.emoji2:emoji2:1.2.0
  :app:debugRuntimeClasspath -> androidx.appcompat:appcompat:1.6.1 -> androidx.emoji2:emoji2:1.2.0 -> androidx.lifecycle:lifecycle-process:2.4.1
  :app:debugRuntimeClasspath -> androidx.appcompat:appcompat:1.6.1 -> androidx.emoji2:emoji2:1.2.0 -> androidx.startup:startup-runtime:1.1.1
  :app:debugRuntimeClasspath -> androidx.appcompat:appcompat:1.6.1 -> androidx.emoji2:emoji2-views-helper:1.2.0
  :app:debugRuntimeClasspath -> androidx.appcompat:appcompat:1.6.1 -> androidx.fragment:fragment:1.3.6
  :app:debugRuntimeClasspath -> androidx.appcompat:appcompat:1.6.1 -> androidx.fragment:fragment:1.3.6 -> androidx.viewpager:viewpager:1.0.0
  :app:debugRuntimeClasspath -> androidx.appcompat:appcompat:1.6.1 -> androidx.fragment:fragment:1.3.6 -> androidx.loader:loader:1.0.0
  :app:debugRuntimeClasspath -> androidx.camera:camera-lifecycle:1.3.1 -> androidx.camera:camera-video:1.3.1 -> androidx.camera:camera-core:1.3.1 -> androidx.lifecycle:lifecycle-livedata:2.1.0
  :app:debugRuntimeClasspath -> androidx.appcompat:appcompat:1.6.1 -> androidx.resourceinspection:resourceinspection-annotation:1.0.1
  :app:debugRuntimeClasspath -> androidx.camera:camera-camera2:1.3.1
  :app:debugRuntimeClasspath -> androidx.camera:camera-lifecycle:1.3.1 -> androidx.camera:camera-video:1.3.1 -> androidx.camera:camera-core:1.3.1
  :app:debugRuntimeClasspath -> androidx.camera:camera-lifecycle:1.3.1 -> androidx.camera:camera-video:1.3.1 -> androidx.camera:camera-core:1.3.1 -> androidx.exifinterface:exifinterface:1.3.2
  :app:debugRuntimeClasspath -> androidx.camera:camera-lifecycle:1.3.1
  :app:debugRuntimeClasspath -> androidx.camera:camera-view:1.3.1
  :app:debugRuntimeClasspath -> androidx.camera:camera-lifecycle:1.3.1 -> androidx.camera:camera-core:1.3.1 -> androidx.camera:camera-video:1.3.1

* Try:
> Run with --stacktrace option to get the stack trace.
> Run with --info or --debug option to get more log output.
> Run with --scan to get full insights.
> Get more help at https://help.gradle.org.

2 actionable tasks: 2 executed
BUILD FAILED in 1s
